
Allocating common symbols
Common symbol       size              file

netbufpool          0x4               binaries/net.o
readylist           0x2               binaries/ready.o
rfltab              0x5a0             binaries/rflinit.o
sleepq              0x2               binaries/clkinit.o
nnames              0x4               binaries/naminit.o
udptab              0x168             binaries/udp.o
minheap             0x4               binaries/meminit.o
marks               0x50              binaries/mark.o
currpid             0x4               binaries/initialize.o
Lf_data             0x20c             binaries/lfsinit.o
porttab             0x2d0             binaries/ptinit.o
girmask             0x2               binaries/evec.o
ttytab              0x10c             binaries/ttyinit.o
proctab             0x1c20            binaries/initialize.o
prcount             0x4               binaries/initialize.o
lfltab              0xf00             binaries/lflinit.o
rdstab              0x8c              binaries/rdsinit.o
ethertab            0x138             binaries/ethinit.o
NetData             0xa8              binaries/net.o
nmarks              0x4               binaries/mark.o
Defer               0x8               binaries/resched.o
semtab              0x4b0             binaries/initialize.o
maxheap             0x4               binaries/meminit.o
preempt             0x4               binaries/clkinit.o
buftab              0xf0              binaries/bufinit.o
Rf_data             0x18              binaries/rfsinit.o
mkmutex             0x4               binaries/mark.o
clktime             0x4               binaries/clkinit.o
arpcache            0x140             binaries/arp.o
icmptab             0x230             binaries/icmp.o
nbpools             0x4               binaries/bufinit.o
queuetab            0xfc0             binaries/queue.o
ptnextid            0x4               binaries/ptinit.o
Ram                 0x19000           binaries/raminit.o
ipoqueue            0x2c              binaries/ip.o
memlist             0x8               binaries/initialize.o
nametab             0x19a0            binaries/naminit.o
ptfree              0x4               binaries/ptinit.o

Discarded input sections

 .group         0x0000000000000000        0x8 binaries/ascdate.o
 .group         0x0000000000000000        0x8 binaries/bufinit.o
 .group         0x0000000000000000        0x8 binaries/chprio.o
 .text.__x86.get_pc_thunk.bx
                0x0000000000000000        0x4 binaries/chprio.o
 .group         0x0000000000000000        0x8 binaries/clkhandler.o
 .text.__x86.get_pc_thunk.bx
                0x0000000000000000        0x4 binaries/clkhandler.o
 .group         0x0000000000000000        0x8 binaries/clkinit.o
 .text.__x86.get_pc_thunk.bx
                0x0000000000000000        0x4 binaries/clkinit.o
 .group         0x0000000000000000        0x8 binaries/close.o
 .text.__x86.get_pc_thunk.bx
                0x0000000000000000        0x4 binaries/close.o
 .group         0x0000000000000000        0x8 binaries/control.o
 .text.__x86.get_pc_thunk.bx
                0x0000000000000000        0x4 binaries/control.o
 .group         0x0000000000000000        0x8 binaries/create.o
 .text.__x86.get_pc_thunk.bx
                0x0000000000000000        0x4 binaries/create.o
 .group         0x0000000000000000        0x8 binaries/early_imr.o
 .text.__x86.get_pc_thunk.bx
                0x0000000000000000        0x4 binaries/early_imr.o
 .group         0x0000000000000000        0x8 binaries/evec.o
 .text.__x86.get_pc_thunk.bx
                0x0000000000000000        0x4 binaries/evec.o
 .group         0x0000000000000000        0x8 binaries/freebuf.o
 .text.__x86.get_pc_thunk.bx
                0x0000000000000000        0x4 binaries/freebuf.o
 .group         0x0000000000000000        0x8 binaries/freemem.o
 .text.__x86.get_pc_thunk.bx
                0x0000000000000000        0x4 binaries/freemem.o
 .group         0x0000000000000000        0x8 binaries/getbuf.o
 .text.__x86.get_pc_thunk.bx
                0x0000000000000000        0x4 binaries/getbuf.o
 .group         0x0000000000000000        0x8 binaries/getc.o
 .text.__x86.get_pc_thunk.bx
                0x0000000000000000        0x4 binaries/getc.o
 .group         0x0000000000000000        0x8 binaries/getdev.o
 .text.__x86.get_pc_thunk.bx
                0x0000000000000000        0x4 binaries/getdev.o
 .group         0x0000000000000000        0x8 binaries/getitem.o
 .group         0x0000000000000000        0x8 binaries/getitem.o
 .text.__x86.get_pc_thunk.ax
                0x0000000000000000        0x4 binaries/getitem.o
 .group         0x0000000000000000        0x8 binaries/getmem.o
 .text.__x86.get_pc_thunk.bx
                0x0000000000000000        0x4 binaries/getmem.o
 .group         0x0000000000000000        0x8 binaries/getpid.o
 .text.__x86.get_pc_thunk.ax
                0x0000000000000000        0x4 binaries/getpid.o
[...]
Memory Configuration

Name             Origin             Length             Attributes
*default*        0x0000000000000000 0xffffffffffffffff

Linker script and memory map

                0x0000000000100000                physbase = 0x100000
                0x0000000000100000                . = physbase
                0x0000000000100000                . = ALIGN (0x1000)

.text           0x0000000000100000    0x16000
                0x0000000000100000                text = ABSOLUTE (.)
 *(.text .text.*)
 .text          0x0000000000100000      0x1a8 binaries/start.o
                0x0000000000100024                start
                0x00000000001000f6                inb
                0x00000000001000fe                inw
                0x0000000000100107                inl
                0x000000000010010f                outb
                0x0000000000100119                outw
                0x0000000000100124                outl
                0x000000000010012e                _rtcin
                0x0000000000100139                ___udivsi3
                0x0000000000100144                ___divsi3
                0x0000000000100150                sbzero
                0x0000000000100160                bcopy
                0x0000000000100174                insw
                0x000000000010018a                outsw
                0x00000000001001a0                lidt
 .text          0x00000000001001a8      0x2e5 binaries/ascdate.o
                0x00000000001001a8                ascdate
 .text.__x86.get_pc_thunk.bx
                0x000000000010048d        0x4 binaries/ascdate.o
                0x000000000010048d                __x86.get_pc_thunk.bx
 .text          0x0000000000100491       0x1c binaries/bufinit.o
                0x0000000000100491                bufinit
 .text.__x86.get_pc_thunk.ax
                0x00000000001004ad        0x4 binaries/bufinit.o
                0x00000000001004ad                __x86.get_pc_thunk.ax
 .text          0x00000000001004b1        0x1 binaries/cbreg.o
                0x00000000001004b1                cbreg
 .text          0x00000000001004b2       0x7b binaries/chprio.o
                0x00000000001004b2                chprio
 .text          0x000000000010052d       0x8f binaries/clkhandler.o
                0x000000000010052d                clkhandler
 .text          0x00000000001005bc       0x6e binaries/clkinit.o
                0x00000000001005bc                clkinit
 .text          0x000000000010062a       0x5c binaries/close.o
                0x000000000010062a                close
 .text          0x0000000000100686        0x0 binaries/conf.o
 .text          0x0000000000100686       0x65 binaries/control.o
                0x0000000000100686                control
 .text          0x00000000001006eb      0x223 binaries/create.o
                0x00000000001006eb                create
 .text          0x000000000010090e      0x23b binaries/early_imr.o
                0x000000000010090e                intel_cln_early_sb_read_reg
                0x0000000000100975                intel_cln_early_sb_write_reg
                0x0000000000100a34                remove_irm_protections
 .text          0x0000000000100b49      0x367 binaries/evec.o
                0x0000000000100b49                setirmask
                0x0000000000100b9a                set_evec
                0x0000000000100c0e                initevec
                0x0000000000100cef                trap
 .text          0x0000000000100eb0       0x91 binaries/freebuf.o
                0x0000000000100eb0                freebuf
 .text          0x0000000000100f41      0x123 binaries/freemem.o
                0x0000000000100f41                freemem
 .text          0x0000000000101064       0x75 binaries/getbuf.o
                0x0000000000101064                getbuf
 .text          0x00000000001010d9       0x5c binaries/getc.o
                0x00000000001010d9                getc
 .text          0x0000000000101135       0x79 binaries/getdev.o
                0x0000000000101135                getdev
 .text          0x00000000001011ae       0x96 binaries/getitem.o
                0x00000000001011ae                getitem
                0x00000000001011e1                getfirst
                0x0000000000101211                getlast
 .text.__x86.get_pc_thunk.dx
                0x0000000000101244        0x4 binaries/getitem.o
                0x0000000000101244                __x86.get_pc_thunk.dx
 .text          0x0000000000101248       0xce binaries/getmem.o
                0x0000000000101248                getmem
 .text          0x0000000000101316       0x13 binaries/getpid.o
                0x0000000000101316                getpid
 .text          0x0000000000101329       0x68 binaries/getprio.o
                0x0000000000101329                getprio
 .text          0x0000000000101391       0xc0 binaries/getstk.o
                0x0000000000101391                getstk
 .text          0x0000000000101451       0x41 binaries/gettime.o
                0x0000000000101451                gettime
 .text          0x0000000000101492      0x1cf binaries/getutime.o
                0x0000000000101492                getutime
 .text          0x0000000000101661       0x5c binaries/init.o
                0x0000000000101661                init
 .text          0x00000000001016bd      0x27a binaries/initialize.o
                0x00000000001016bd                nulluser
                0x00000000001018e2                stop
                0x0000000000101914                delay
 .text          0x0000000000101937       0x95 binaries/insert.o
                0x0000000000101937                insert
 .text.__x86.get_pc_thunk.di
                0x00000000001019cc        0x4 binaries/insert.o
                0x00000000001019cc                __x86.get_pc_thunk.di
 .text          0x00000000001019d0       0xf4 binaries/insertd.o
                0x00000000001019d0                insertd
 .text          0x0000000000101ac4        0x6 binaries/ioerr.o
                0x0000000000101ac4                ioerr
 .text          0x0000000000101aca        0x6 binaries/ionull.o
                0x0000000000101aca                ionull
 .text          0x0000000000101ad0      0x1e3 binaries/kill.o
                0x0000000000101ad0                kill
 .text          0x0000000000101cb3       0xe2 binaries/kprintf.o
                0x0000000000101cb3                kputc
                0x0000000000101cf1                console_init
                0x0000000000101d35                kgetc
                0x0000000000101d64                kprintf
 .text          0x0000000000101d95      0x48a binaries/main.o
                0x0000000000101d95                receiver
                0x0000000000101dd2                receiver_callback
                0x0000000000101e08                sender
                0x0000000000101e63                sender_no_blk
                0x0000000000101ebe                test_reg_cb
                0x0000000000101ef7                main
 .text          0x000000000010221f       0xb3 binaries/mark.o
                0x000000000010221f                markinit
                0x000000000010224e                mark
 .text          0x00000000001022d2      0x22c binaries/meminit.o
                0x00000000001022d2                meminit
                0x0000000000102478                setsegs
 .text          0x00000000001024fe      0x14a binaries/mkbufpool.o
                0x00000000001024fe                mkbufpool
 .text          0x0000000000102648       0x5e binaries/newqueue.o
                0x0000000000102648                newqueue
 .text.__x86.get_pc_thunk.cx
                0x00000000001026a6        0x4 binaries/newqueue.o
                0x00000000001026a6                __x86.get_pc_thunk.cx
 .text          0x00000000001026aa       0x64 binaries/open.o
                0x00000000001026aa                open
 .text          0x000000000010270e       0x2c binaries/panic.o
                0x000000000010270e                panic
 .text          0x000000000010273a      0x280 binaries/pci.o
                0x000000000010273a                pci_init
                0x0000000000102740                find_pci_device
                0x0000000000102802                pci_read_config_byte
                0x000000000010283f                pci_read_config_word
                0x000000000010287e                pci_read_config_dword
                0x00000000001028bb                pci_write_config_byte
                0x00000000001028f6                pci_write_config_word
                0x0000000000102932                pci_write_config_dword
                0x000000000010296d                pci_get_dev_mmio_base_addr
 .text          0x00000000001029ba       0x68 binaries/platinit.o
                0x00000000001029ba                platinit
 .text          0x0000000000102a22       0xab binaries/ptclear.o
                0x0000000000102a22                _ptclear
 .text          0x0000000000102acd       0x9f binaries/ptcount.o
                0x0000000000102acd                ptcount
 .text          0x0000000000102b6c       0xf4 binaries/ptcreate.o
                0x0000000000102b6c                ptcreate
 .text          0x0000000000102c60       0x70 binaries/ptdelete.o
                0x0000000000102c60                ptdelete
 .text          0x0000000000102cd0       0xa0 binaries/ptinit.o
                0x0000000000102cd0                ptinit
 .text          0x0000000000102d70      0x123 binaries/ptrecv.o
                0x0000000000102d70                ptrecv
 .text          0x0000000000102e93       0x68 binaries/ptreset.o
                0x0000000000102e93                ptreset
 .text          0x0000000000102efb      0x15c binaries/ptsend.o
                0x0000000000102efb                ptsend
 .text          0x0000000000103057       0x6e binaries/putc.o
                0x0000000000103057                putc
 .text          0x00000000001030c5       0xc3 binaries/quark_irq.o
                0x00000000001030c5                quark_irq_routing
 .text          0x0000000000103188      0x1bb binaries/quark_pdat.o
                0x0000000000103188                get_quark_pdat_entry_data_by_id
                0x0000000000103261                get_quark_pdat_entry_data_by_desc
 .text          0x0000000000103343       0xc3 binaries/queue.o
                0x0000000000103343                enqueue
                0x00000000001033ab                dequeue
 .text          0x0000000000103406       0x64 binaries/read.o
                0x0000000000103406                read
 .text          0x000000000010346a       0x73 binaries/ready.o
                0x000000000010346a                ready
 .text          0x00000000001034dd      0x118 binaries/receive.o
                0x00000000001034dd                receive
 .text          0x00000000001035f5       0x61 binaries/recvclr.o
                0x00000000001035f5                recvclr
 .text          0x0000000000103656       0xc7 binaries/recvtime.o
                0x0000000000103656                recvtime
 .text          0x000000000010371d      0x16b binaries/resched.o
                0x000000000010371d                resched
                0x00000000001037fb                resched_cntl
 .text          0x0000000000103888       0x8f binaries/resume.o
                0x0000000000103888                resume
 .text          0x0000000000103917       0x60 binaries/seek.o
                0x0000000000103917                seek
 .text          0x0000000000103977       0x65 binaries/semcount.o
                0x0000000000103977                semcount
 .text          0x00000000001039dc       0xb5 binaries/semcreate.o
                0x00000000001039dc                semcreate
 .text          0x0000000000103a91       0xe0 binaries/semdelete.o
                0x0000000000103a91                semdelete
 .text          0x0000000000103b71       0xc0 binaries/semreset.o
                0x0000000000103b71                semreset
 .text          0x0000000000103c31      0x16f binaries/sendblk.o
                0x0000000000103c31                sendblk
 .text          0x0000000000103da0       0xc5 binaries/send.o
                0x0000000000103da0                send
 .text          0x0000000000103e65       0xa9 binaries/signal.o
                0x0000000000103e65                signal
 .text          0x0000000000103f0e       0xe9 binaries/signaln.o
                0x0000000000103f0e                signaln
 .text          0x0000000000103ff7       0xd4 binaries/sleep.o
                0x0000000000103ff7                sleepms
                0x0000000000104095                sleep
 .text          0x00000000001040cb       0xc2 binaries/suspend.o
                0x00000000001040cb                suspend
 .text          0x000000000010418d       0x9c binaries/unsleep.o
                0x000000000010418d                unsleep
 .text          0x0000000000104229       0x22 binaries/userret.o
                0x0000000000104229                userret
 .text          0x000000000010424b       0xc3 binaries/wait.o
                0x000000000010424b                wait
 .text          0x000000000010430e       0x88 binaries/wakeup.o
                0x000000000010430e                wakeup
 .text          0x0000000000104396       0x64 binaries/write.o
                0x0000000000104396                write
 .text          0x00000000001043fa       0x25 binaries/xdone.o
                0x00000000001043fa                xdone
 .text          0x000000000010441f       0x30 binaries/yield.o
                0x000000000010441f                yield
 .text          0x000000000010444f        0xe binaries/abs.o
                0x000000000010444f                abs
 .text          0x000000000010445d       0x60 binaries/atoi.o
                0x000000000010445d                atoi
 .text          0x00000000001044bd       0x60 binaries/atol.o
                0x00000000001044bd                atol
 .text          0x000000000010451d       0x18 binaries/bzero.o
                0x000000000010451d                bzero
 .text          0x0000000000104535        0x0 binaries/ctype_.o
 .text          0x0000000000104535      0x83f binaries/doprnt.o
                0x00000000001046ab                _doprnt
 .text.__x86.get_pc_thunk.si
                0x0000000000104d74        0x4 binaries/doprnt.o
                0x0000000000104d74                __x86.get_pc_thunk.si
 .text          0x0000000000104d78      0x776 binaries/doscan.o
                0x0000000000104d78                _doscan
 .text          0x00000000001054ee      0x7a9 binaries/fdoprnt.o
                0x0000000000105574                _fdoprnt
 .text          0x0000000000105c97       0x2b binaries/fgetc.o
                0x0000000000105c97                fgetc
 .text          0x0000000000105cc2       0x68 binaries/fgets.o
                0x0000000000105cc2                fgets
 .text          0x0000000000105d2a       0x31 binaries/fprintf.o
                0x0000000000105d2a                fprintf
 .text          0x0000000000105d5b       0x36 binaries/fputc.o
                0x0000000000105d5b                fputc
 .text          0x0000000000105d91       0x45 binaries/fputs.o
                0x0000000000105d91                fputs
 .text          0x0000000000105dd6       0x88 binaries/fscanf.o
                0x0000000000105e1d                fscanf
 .text          0x0000000000105e5e       0x32 binaries/getchar.o
                0x0000000000105e5e                getchar
 .text          0x0000000000105e90        0xe binaries/labs.o
                0x0000000000105e90                labs
 .text          0x0000000000105e9e       0x34 binaries/memchr.o
                0x0000000000105e9e                memchr
 .text          0x0000000000105ed2       0x47 binaries/memcmp.o
                0x0000000000105ed2                memcmp
 .text          0x0000000000105f19       0x25 binaries/memcpy.o
                0x0000000000105f19                memcpy
 .text          0x0000000000105f3e       0x1e binaries/memset.o
                0x0000000000105f3e                memset
 .text          0x0000000000105f5c       0x46 binaries/printf.o
                0x0000000000105f5c                printf
 .text          0x0000000000105fa2       0x36 binaries/putchar.o
                0x0000000000105fa2                putchar
 .text          0x0000000000105fd8      0x22b binaries/qsort.o
                0x00000000001061cb                qsort
 .text.__x86.get_pc_thunk.bp
                0x0000000000106203        0x4 binaries/qsort.o
                0x0000000000106203                __x86.get_pc_thunk.bp
 .text          0x0000000000106207       0x3e binaries/rand.o
                0x0000000000106207                srand
                0x000000000010621c                rand
 .text          0x0000000000106245       0x58 binaries/sprintf.o
                0x000000000010625c                sprintf
 .text          0x000000000010629d       0x68 binaries/sscanf.o
                0x00000000001062c6                sscanf
 .text          0x0000000000106305       0x2f binaries/strchr.o
                0x0000000000106305                strchr
 .text          0x0000000000106334       0x41 binaries/strcmp.o
                0x0000000000106334                strcmp
 .text          0x0000000000106375       0x1a binaries/strcpy.o
                0x0000000000106375                strcpy
 .text          0x000000000010638f       0x1c binaries/strlen.o
                0x000000000010638f                strlen
 .text          0x00000000001063ab       0x3a binaries/strncat.o
                0x00000000001063ab                strncat
 .text          0x00000000001063e5       0x36 binaries/strncmp.o
                0x00000000001063e5                strncmp
 .text          0x000000000010641b       0x57 binaries/strncpy.o
                0x000000000010641b                strncpy
 .text          0x0000000000106472       0x2e binaries/strnlen.o
                0x0000000000106472                strnlen
 .text          0x00000000001064a0       0x34 binaries/strrchr.o
                0x00000000001064a0                strrchr
 .text          0x00000000001064d4       0x75 binaries/strstr.o
                0x00000000001064d4                strstr
 .text          0x0000000000106549      0x164 binaries/ttycontrol.o
                0x0000000000106549                ttycontrol
 .text          0x00000000001066ad       0xda binaries/ttygetc.o
                0x00000000001066ad                ttygetc
 .text          0x0000000000106787      0x4f5 binaries/ttyhandle_in.o
                0x0000000000106847                ttyhandle_in
 .text          0x0000000000106c7c      0x181 binaries/ttyhandle_out.o
                0x0000000000106c7c                ttyhandle_out
 .text          0x0000000000106dfd       0x93 binaries/ttyhandler.o
                0x0000000000106dfd                ttyhandler
 .text          0x0000000000106e90      0x17a binaries/ttyinit.o
                0x0000000000106e90                ttyinit
 .text          0x000000000010700a        0xc binaries/ttykickout.o
                0x000000000010700a                ttykickout
 .text          0x0000000000107016       0xf0 binaries/ttyputc.o
                0x0000000000107016                ttyputc
 .text          0x0000000000107106      0x143 binaries/ttyread.o
                0x0000000000107106                ttyread
 .text          0x0000000000107249       0x59 binaries/ttywrite.o
                0x0000000000107249                ttywrite
 .text          0x00000000001072a2      0x152 binaries/mount.o
                0x00000000001072a2                namlen
                0x00000000001072d8                mount
 .text          0x00000000001073f4      0x1f2 binaries/naminit.o
                0x00000000001073f4                naminit
 .text          0x00000000001075e6      0x231 binaries/nammap.o
                0x00000000001075e6                namrepl
                0x0000000000107723                namcpy
                0x000000000010776e                nammap
 .text          0x0000000000107817       0x5b binaries/namopen.o
                0x0000000000107817                namopen
 .text          0x0000000000107872       0xfc binaries/colon2mac.o
                0x0000000000107872                colon2mac
 .text          0x000000000010796e       0x8d binaries/ethcontrol.o
                0x000000000010796e                ethcontrol
 .text          0x00000000001079fb      0x1bc binaries/ethhandler.o
                0x00000000001079fb                ethhandler
 .text          0x0000000000107bb7      0x573 binaries/ethinit.o
                0x0000000000107bb7                eth_phy_read
                0x0000000000107bf2                eth_phy_write
                0x0000000000107c30                eth_phy_reset
                0x0000000000107d05                ethinit
 .text          0x000000000010812a      0x10d binaries/ethmcast.o
                0x000000000010812a                ethmcast_add
                0x000000000010817e                ethmcast_remove
 .text          0x0000000000108237      0x1d8 binaries/ethread.o
                0x0000000000108237                ethread
 .text          0x000000000010840f       0xdf binaries/ethwrite.o
                0x000000000010840f                ethwrite
 .text          0x00000000001084ee       0x73 binaries/rdsbufalloc.o
                0x00000000001084ee                rdsbufalloc
 .text          0x0000000000108561       0xb7 binaries/rdsclose.o
                0x0000000000108561                rdsclose
 .text          0x0000000000108618      0x22d binaries/rdscomm.o
                0x0000000000108618                rdscomm
 .text          0x0000000000108845      0x1d8 binaries/rdscontrol.o
                0x0000000000108845                rdscontrol
 .text          0x0000000000108a1d      0x201 binaries/rdsinit.o
                0x0000000000108a1d                rdsinit
 .text          0x0000000000108c1e      0x1a4 binaries/rdsopen.o
                0x0000000000108c1e                rdsopen
 .text          0x0000000000108dc2      0x2e5 binaries/rdsprocess.o
                0x0000000000108dc2                rdsprocess
 .text          0x00000000001090a7      0x209 binaries/rdsread.o
                0x00000000001090a7                rdsread
 .text          0x00000000001092b0      0x1b3 binaries/rdswrite.o
                0x00000000001092b0                rdswrite
 .text          0x0000000000109463        0x6 binaries/ramclose.o
                0x0000000000109463                ramclose
 .text          0x0000000000109469       0x42 binaries/raminit.o
                0x0000000000109469                raminit
 .text          0x00000000001094ab        0x7 binaries/ramopen.o
                0x00000000001094ab                ramopen
 .text          0x00000000001094b2       0x35 binaries/ramread.o
                0x00000000001094b2                ramread
 .text          0x00000000001094e7       0x35 binaries/ramwrite.o
                0x00000000001094e7                ramwrite
 .text          0x000000000010951c       0xa3 binaries/lfdballoc.o
                0x000000000010951c                lfdballoc
 .text          0x00000000001095bf       0x5c binaries/lfdbfree.o
                0x00000000001095bf                lfdbfree
 .text          0x000000000010961b       0xb5 binaries/lfflush.o
                0x000000000010961b                lfflush
 .text          0x00000000001096d0       0x74 binaries/lfgetmode.o
                0x00000000001096d0                lfgetmode
 .text          0x0000000000109744       0x70 binaries/lfiballoc.o
                0x0000000000109744                lfiballoc
 .text          0x00000000001097b4       0x25 binaries/lfibclear.o
                0x00000000001097b4                lfibclear
 .text          0x00000000001097d9       0x8f binaries/lfibget.o
                0x00000000001097d9                lfibget
 .text          0x0000000000109868       0xa8 binaries/lfibput.o
                0x0000000000109868                lfibput
 .text          0x0000000000109910       0xc1 binaries/lflclose.o
                0x0000000000109910                lflclose
 .text          0x00000000001099d1       0xdb binaries/lflcontrol.o
                0x00000000001099d1                lflcontrol
 .text          0x0000000000109aac      0x118 binaries/lflgetc.o
                0x0000000000109aac                lflgetc
 .text          0x0000000000109bc4       0xf6 binaries/lflinit.o
                0x0000000000109bc4                lflinit
 .text          0x0000000000109cba      0x150 binaries/lflputc.o
                0x0000000000109cba                lflputc
 .text          0x0000000000109e0a       0x77 binaries/lflread.o
                0x0000000000109e0a                lflread
 .text          0x0000000000109e81       0xda binaries/lflseek.o
                0x0000000000109e81                lflseek
 .text          0x0000000000109f5b       0x65 binaries/lflwrite.o
                0x0000000000109f5b                lflwrite
 .text          0x0000000000109fc0      0x14f binaries/lfsckfmt.o
                0x0000000000109fc0                lfsckfmt
 .text          0x000000000010a10f      0x1d3 binaries/lfscreate.o
                0x000000000010a10f                lfscreate
 .text          0x000000000010a2e2      0x1f7 binaries/lfsetup.o
                0x000000000010a2e2                lfsetup
 .text          0x000000000010a4d9       0x52 binaries/lfsinit.o
                0x000000000010a4d9                lfsinit
 .text          0x000000000010a52b      0x33f binaries/lfsopen.o
                0x000000000010a52b                lfsopen
 .text          0x000000000010a86a      0x151 binaries/lftruncate.o
                0x000000000010a86a                lftruncate
 .text          0x000000000010a9bb       0x83 binaries/rflclose.o
                0x000000000010a9bb                rflclose
 .text          0x000000000010aa3e       0x38 binaries/rflgetc.o
                0x000000000010aa3e                rflgetc
 .text          0x000000000010aa76       0x80 binaries/rflinit.o
                0x000000000010aa76                rflinit
 .text          0x000000000010aaf6       0x3b binaries/rflputc.o
                0x000000000010aaf6                rflputc
 .text          0x000000000010ab31      0x33b binaries/rflread.o
                0x000000000010ab31                rflread
 .text          0x000000000010ae6c       0x87 binaries/rflseek.o
                0x000000000010ae6c                rflseek
 .text          0x000000000010aef3      0x360 binaries/rflwrite.o
                0x000000000010aef3                rflwrite
 .text          0x000000000010b253      0x1a6 binaries/rfscomm.o
                0x000000000010b253                rfscomm
 .text          0x000000000010b3f9      0x27f binaries/rfscontrol.o
                0x000000000010b3f9                rfscontrol
 .text          0x000000000010b678       0x74 binaries/rfsgetmode.o
                0x000000000010b678                rfsgetmode
 .text          0x000000000010b6ec       0x98 binaries/rfsinit.o
                0x000000000010b6ec                rfsinit
 .text          0x000000000010b784       0xca binaries/rfsndmsg.o
                0x000000000010b784                rfsndmsg
 .text          0x000000000010b84e      0x286 binaries/rfsopen.o
                0x000000000010b84e                rfsopen
 .text          0x000000000010bad4      0x6c0 binaries/arp.o
                0x000000000010bad4                arp_init
                0x000000000010bafb                arp_alloc
                0x000000000010bbac                arp_ntoh
                0x000000000010bc16                arp_hton
                0x000000000010bc80                arp_resolve
                0x000000000010bf25                arp_in
 .text          0x000000000010c194      0x5ea binaries/dhcp.o
                0x000000000010c194                dhcp_get_opt_val
                0x000000000010c1e5                dhcp_bld_bootp_msg
                0x000000000010c2c3                dhcp_bld_disc
                0x000000000010c313                dhcp_bld_req
                0x000000000010c3b9                getlocalip
 .text          0x000000000010c77e       0xc6 binaries/dot2ip.o
                0x000000000010c77e                dot2ip
 .text          0x000000000010c844      0x3cf binaries/hexdump.o
                0x000000000010c844                hexdump
                0x000000000010c9d6                hexadump
 .text          0x000000000010cc13      0x778 binaries/icmp.o
                0x000000000010cc13                icmp_init
                0x000000000010cc37                icmp_register
                0x000000000010cceb                icmp_recv
                0x000000000010cea6                icmp_mkpkt
                0x000000000010cf9d                icmp_in
                0x000000000010d143                icmp_send
                0x000000000010d1c6                icmp_release
                0x000000000010d309                icmp_cksum
                0x000000000010d363                icmp_hton
                0x000000000010d377                icmp_ntoh
 .text          0x000000000010d38b      0x648 binaries/ip.o
                0x000000000010d38b                ip_local
                0x000000000010d3d8                ipcksum
                0x000000000010d426                ip_ntoh
                0x000000000010d490                ip_in
                0x000000000010d5d9                ip_hton
                0x000000000010d643                ip_out
                0x000000000010d703                ip_send
                0x000000000010d82d                ipout
                0x000000000010d930                ip_enqueue
 .text          0x000000000010d9d3      0x1cc binaries/net.o
                0x000000000010d9d3                net_init
                0x000000000010dae1                eth_hton
                0x000000000010daeb                eth_ntoh
                0x000000000010daf5                netin
 .text          0x000000000010db9f       0xd9 binaries/netstart.o
                0x000000000010db9f                netstart
 .text          0x000000000010dc78      0xae9 binaries/pdump.o
                0x000000000010dc78                pdump
                0x000000000010e2b5                pdumph
 .text          0x000000000010e761      0x5ff binaries/tftp.o
                0x000000000010e761                tftp_send1
                0x000000000010e883                tftpget_mb
                0x000000000010ed39                tftpget
 .text          0x000000000010ed60      0xa9c binaries/udp.o
                0x000000000010ed60                udp_init
                0x000000000010eda3                udp_in
                0x000000000010eebf                udp_register
                0x000000000010efda                udp_recv
                0x000000000010f17f                udp_recvaddr
                0x000000000010f338                udp_send
                0x000000000010f505                udp_sendto
                0x000000000010f691                udp_release
                0x000000000010f7d4                udp_ntoh
                0x000000000010f7e8                udp_hton
 .text          0x000000000010f7fc      0x138 binaries/addargs.o
                0x000000000010f7fc                addargs
 .text          0x000000000010f934      0x234 binaries/lexan.o
                0x000000000010f934                lexan
 .text          0x000000000010fb68      0x63f binaries/shell.o
                0x000000000010fb68                shell
 .text          0x00000000001101a7       0x6e binaries/xsh_argecho.o
                0x00000000001101a7                xsh_argecho
 .text          0x0000000000110215      0x244 binaries/xsh_arp.o
                0x0000000000110215                xsh_arp
 .text          0x0000000000110459      0x24d binaries/xsh_cat.o
                0x0000000000110459                xsh_cat
 .text          0x00000000001106a6       0x6a binaries/xsh_clear.o
                0x00000000001106a6                xsh_clear
 .text          0x0000000000110710      0x2ad binaries/xsh_date.o
                0x0000000000110710                xsh_date
 .text          0x00000000001109bd       0xa4 binaries/xsh_devdump.o
                0x00000000001109bd                xsh_devdump
 .text          0x0000000000110a61       0x77 binaries/xsh_echo.o
                0x0000000000110a61                xsh_echo
 .text          0x0000000000110ad8        0x6 binaries/xsh_exit.o
                0x0000000000110ad8                xsh_exit
 .text          0x0000000000110ade      0x378 binaries/xsh_help.o
                0x0000000000110ade                xsh_help
 .text          0x0000000000110e56      0x37a binaries/xsh_ipaddr.o
                0x0000000000110e56                xsh_ipaddr
 .text          0x00000000001111d0      0x1f0 binaries/xsh_kill.o
                0x00000000001111d0                xsh_kill
 .text          0x00000000001113c0      0x424 binaries/xsh_memdump.o
                0x000000000011146a                xsh_memdump
 .text          0x00000000001117e4      0x21b binaries/xsh_memstat.o
                0x00000000001117e4                xsh_memstat
 .text          0x00000000001119ff      0x2f9 binaries/xsh_ping.o
                0x00000000001119ff                xsh_ping
 .text          0x0000000000111cf8      0x1d0 binaries/xsh_ps.o
                0x0000000000111cf8                xsh_ps
 .text          0x0000000000111ec8      0x1cb binaries/xsh_sleep.o
                0x0000000000111ec8                xsh_sleep
 .text          0x0000000000112093      0x211 binaries/xsh_udpdump.o
                0x0000000000112093                xsh_udpdump
 .text          0x00000000001122a4      0x44f binaries/xsh_udpecho.o
                0x00000000001122a4                xsh_udpecho
 .text          0x00000000001126f3      0x294 binaries/xsh_udpeserver.o
                0x00000000001126f3                xsh_udpeserver
 .text          0x0000000000112987      0x1ec binaries/xsh_uptime.o
                0x0000000000112987                xsh_uptime
 .text          0x0000000000112b73        0xe binaries/clkdisp.o
                0x0000000000112b73                clkdisp
 .text          0x0000000000112b81       0x19 binaries/ctxsw.o
                0x0000000000112b81                ctxsw
 .text          0x0000000000112b9a      0x368 binaries/intr.o
                0x0000000000112b9a                disable
                0x0000000000112ba3                restore
                0x0000000000112bb1                enable
                0x0000000000112bb3                pause
                0x0000000000112bba                halt
                0x0000000000112bbd                spurious_irq7
                0x0000000000112bc2                spurious_irq15
                0x0000000000112bd1                _Xint0
                0x0000000000112bdc                _Xint1
                0x0000000000112be7                _Xint2
                0x0000000000112bf2                _Xint3
                0x0000000000112bfd                _Xint4
                0x0000000000112c08                _Xint5
                0x0000000000112c13                _Xint6
                0x0000000000112c1e                _Xint7
                0x0000000000112c29                _Xint8
                0x0000000000112c34                _Xint9
                0x0000000000112c3f                _Xint10
                0x0000000000112c4a                _Xint11
                0x0000000000112c58                _Xint12
                0x0000000000112c66                _Xint13
                0x0000000000112c74                _Xint14
                0x0000000000112c82                _Xint15
                0x0000000000112c90                _Xint16
                0x0000000000112c9e                _Xint17
                0x0000000000112cac                _Xint18
                0x0000000000112cba                _Xint19
                0x0000000000112cc8                _Xint20
                0x0000000000112cd6                _Xint21
                0x0000000000112ce4                _Xint22
                0x0000000000112cf2                _Xint23
                0x0000000000112d00                _Xint24
                0x0000000000112d0e                _Xint25
                0x0000000000112d1c                _Xint26
                0x0000000000112d2a                _Xint27
                0x0000000000112d38                _Xint28
                0x0000000000112d46                _Xint29
                0x0000000000112d54                _Xint30
                0x0000000000112d62                _Xint31
                0x0000000000112d70                _Xint32
                0x0000000000112d7e                _Xint33
                0x0000000000112d8c                _Xint34
                0x0000000000112d9a                _Xint35
                0x0000000000112da8                _Xint36
                0x0000000000112db6                _Xint37
                0x0000000000112dc4                _Xint38
                0x0000000000112dd2                _Xint39
                0x0000000000112de0                _Xint40
                0x0000000000112dee                _Xint41
                0x0000000000112dfc                _Xint42
                0x0000000000112e0a                _Xint43
                0x0000000000112e18                _Xint44
                0x0000000000112e26                _Xint45
                0x0000000000112e34                _Xint46
                0x0000000000112e42                defevec
 .text          0x0000000000112f02        0xf binaries/ttydispatch.o
                0x0000000000112f02                ttydispatch
 .text          0x0000000000112f11       0x13 binaries/ethdispatch.o
                0x0000000000112f11                ethdispatch
 *(.rodata .rodata.*)
 .rodata.str1.1
                0x0000000000112f24       0x54 binaries/ascdate.o
 .rodata.str1.4
                0x0000000000112f78       0x22 binaries/ascdate.o
 .rodata.str1.1
                0x0000000000112f9a       0x5f binaries/conf.o
 *fill*         0x0000000000112ff9        0x3 
 .rodata.str1.4
                0x0000000000112ffc       0x4f binaries/early_imr.o
 *fill*         0x000000000011304b        0x1 
 .rodata        0x000000000011304c       0x33 binaries/early_imr.o
 .rodata.str1.1
                0x000000000011307f      0x20c binaries/evec.o
 *fill*         0x000000000011328b        0x1 
 .rodata.str1.4
                0x000000000011328c       0x23 binaries/evec.o
 .rodata.str1.1
                0x00000000001132af        0xb binaries/getutime.o
 *fill*         0x00000000001132ba        0x2 
 .rodata.str1.4
                0x00000000001132bc       0x54 binaries/getutime.o
 .rodata.str1.1
                0x0000000000113310       0x63 binaries/initialize.o
                                         0x67 (size before relaxing)
 *fill*         0x0000000000113373        0x1 
 .rodata.str1.4
                0x0000000000113374       0xd4 binaries/initialize.o
 .rodata        0x0000000000113448       0x20 binaries/kill.o
 .rodata.str1.4
                0x0000000000113468       0x76 binaries/main.o
 .rodata.str1.1
                0x00000000001134de       0xf4 binaries/main.o
 *fill*         0x00000000001135d2        0x2 
 .rodata.str1.4
                0x00000000001135d4       0x23 binaries/meminit.o
 .rodata.str1.1
                0x00000000001135f7       0x1b binaries/meminit.o
 .rodata.str1.1
                0x0000000000113612        0xf binaries/panic.o
 .rodata.str1.1
                0x0000000000113621       0x1c binaries/ptinit.o
 *fill*         0x000000000011363d        0x3 
 .rodata.str1.4
                0x0000000000113640       0x25 binaries/ptsend.o
 .rodata.str1.1
                0x0000000000113665       0x22 binaries/quark_pdat.o
 *fill*         0x0000000000113687        0x1 
 .rodata.str1.4
                0x0000000000113688       0x27 binaries/xdone.o
 *fill*         0x00000000001136af       0x11 
 .rodata        0x00000000001136c0       0x81 binaries/ctype_.o
                0x00000000001136c0                _ctype_
 .rodata.str1.1
                0x0000000000113741       0x29 binaries/doprnt.o
 *fill*         0x000000000011376a        0x2 
 .rodata        0x000000000011376c       0xc4 binaries/doprnt.o
 .rodata        0x0000000000113830       0x98 binaries/doscan.o
 .rodata.str1.1
                0x00000000001138c8       0x29 binaries/fdoprnt.o
 .rodata        0x00000000001138c8       0x84 binaries/fdoprnt.o
 .rodata        0x000000000011394c       0x20 binaries/ttycontrol.o
 .rodata.str1.4
                0x000000000011396c       0x4c binaries/naminit.o
 .rodata.str1.1
                0x00000000001139b8       0x32 binaries/naminit.o
                                         0x35 (size before relaxing)
 .rodata.str1.1
                0x00000000001139ea       0x15 binaries/ethinit.o
 *fill*         0x00000000001139ff        0x1 
 .rodata.str1.4
                0x0000000000113a00       0x2e binaries/ethinit.o
 *fill*         0x0000000000113a2e        0x2 
 .rodata.str1.4
                0x0000000000113a30       0x2c binaries/rdsbufalloc.o
 .rodata.str1.4
                0x0000000000113a5c       0x76 binaries/rdscomm.o
 *fill*         0x0000000000113ad2        0x2 
 .rodata.str1.4
                0x0000000000113ad4       0x48 binaries/rdscontrol.o
 .rodata.str1.4
                0x0000000000113b1c       0x7e binaries/rdsinit.o
 .rodata.str1.1
                0x0000000000113b9a       0x18 binaries/rdsinit.o
 *fill*         0x0000000000113bb2        0x2 
 .rodata.str1.4
                0x0000000000113bb4       0x22 binaries/rdsopen.o
 *fill*         0x0000000000113bd6        0x2 
 .rodata.str1.4
                0x0000000000113bd8       0x4d binaries/rdsprocess.o
 .rodata.str1.1
                0x0000000000113c25        0x9 binaries/raminit.o
 .rodata.str1.1
                0x0000000000113c2e       0x13 binaries/lfdballoc.o
 *fill*         0x0000000000113c41        0x3 
 .rodata.str1.4
                0x0000000000113c44       0x23 binaries/lfdballoc.o
 .rodata.str1.1
                0x0000000000113c67       0x14 binaries/lfiballoc.o
 *fill*         0x0000000000113c7b        0x1 
 .rodata.str1.4
                0x0000000000113c7c       0x23 binaries/lflcontrol.o
 .rodata.str1.1
                0x0000000000113c9f       0x64 binaries/lfsckfmt.o
 *fill*         0x0000000000113d03        0x1 
 .rodata.str1.4
                0x0000000000113d04       0x51 binaries/lfsckfmt.o
 *fill*         0x0000000000113d55        0x3 
 .rodata.str1.4
                0x0000000000113d58       0x21 binaries/rflread.o
 .rodata.str1.4
                0x0000000000113d79       0x21 binaries/rflwrite.o
 *fill*         0x0000000000113d79        0x3 
 .rodata.str1.4
                0x0000000000113d7c       0x75 binaries/rfscomm.o
 *fill*         0x0000000000113df1        0x3 
 .rodata.str1.4
                0x0000000000113df4       0x23 binaries/rfscontrol.o
 *fill*         0x0000000000113e17        0x1 
 .rodata        0x0000000000113e18       0x18 binaries/rfscontrol.o
 .rodata.str1.1
                0x0000000000113e30       0x10 binaries/rfsinit.o
 .rodata.str1.4
                0x0000000000113e30       0x57 binaries/rfsinit.o
 *fill*         0x0000000000113e87        0x1 
 .rodata.str1.4
                0x0000000000113e88       0x2a binaries/rfsndmsg.o
 .rodata.str1.4
                0x0000000000113eb2       0x22 binaries/rfsopen.o
 .rodata.str1.1
                0x0000000000113eb2       0x19 binaries/arp.o
 *fill*         0x0000000000113ecb        0x1 
 .rodata.str1.4
                0x0000000000113ecc       0x21 binaries/arp.o
 *fill*         0x0000000000113eed        0x3 
 .rodata.str1.4
                0x0000000000113ef0       0xa6 binaries/dhcp.o
 .rodata.str1.1
                0x0000000000113f96       0x4a binaries/dhcp.o
 .rodata.str1.1
                0x0000000000113fe0       0x5a binaries/hexdump.o
                                         0x61 (size before relaxing)
 *fill*         0x000000000011403a        0x2 
 .rodata.str1.4
                0x000000000011403c       0x67 binaries/hexdump.o
 *fill*         0x00000000001140a3        0x1 
 .rodata.str1.4
                0x00000000001140a4       0x29 binaries/icmp.o
 .rodata.str1.1
                0x00000000001140cd       0x4e binaries/ip.o
 *fill*         0x000000000011411b        0x1 
 .rodata.str1.4
                0x000000000011411c       0x20 binaries/ip.o
 .rodata.str1.4
                0x000000000011413c       0x28 binaries/net.o
 .rodata.str1.1
                0x0000000000114164       0x27 binaries/net.o
 *fill*         0x000000000011418b        0x1 
 .rodata.str1.4
                0x000000000011418c       0xcf binaries/netstart.o
 .rodata.str1.1
                0x000000000011425b      0x141 binaries/pdump.o
                                        0x14b (size before relaxing)
 .rodata.str1.4
                0x000000000011439c      0x126 binaries/pdump.o
 *fill*         0x00000000001144c2        0x2 
 .rodata.str1.4
                0x00000000001144c4      0x148 binaries/tftp.o
 .rodata.str1.1
                0x000000000011460c        0x6 binaries/tftp.o
                                          0xa (size before relaxing)
 .rodata.str1.1
                0x0000000000114612       0xe3 binaries/shell.o
                                         0xff (size before relaxing)
 *fill*         0x00000000001146f5        0x3 
 .rodata.str1.4
                0x00000000001146f8      0x1c4 binaries/shell.o
 .rodata.str1.1
                0x00000000001148bc       0x26 binaries/xsh_argecho.o
                                         0x28 (size before relaxing)
 .rodata.str1.1
                0x00000000001148e2       0x70 binaries/xsh_arp.o
                                         0x72 (size before relaxing)
 *fill*         0x0000000000114952        0x2 
 .rodata.str1.4
                0x0000000000114954       0xb4 binaries/xsh_arp.o
 .rodata.str1.1
                0x0000000000114a08       0x2d binaries/xsh_cat.o
                                         0x4f (size before relaxing)
 *fill*         0x0000000000114a35        0x3 
 .rodata.str1.4
                0x0000000000114a38       0x52 binaries/xsh_cat.o
                                         0x79 (size before relaxing)
 .rodata.str1.1
                0x0000000000114a8a       0x15 binaries/xsh_clear.o
 .rodata.str1.1
                0x0000000000114a9f       0x46 binaries/xsh_date.o
                                         0x5f (size before relaxing)
 *fill*         0x0000000000114ae5        0x3 
 .rodata.str1.4
                0x0000000000114ae8      0x163 binaries/xsh_date.o
 .rodata.str1.1
                0x0000000000114c4b       0x5d binaries/xsh_devdump.o
 .rodata.str1.1
                0x0000000000114ca8        0x4 binaries/xsh_echo.o
                                          0x9 (size before relaxing)
 .rodata.str1.1
                0x0000000000114cac       0x65 binaries/xsh_help.o
                                         0xa3 (size before relaxing)
 *fill*         0x0000000000114d11        0x3 
 .rodata.str1.4
                0x0000000000114d14       0x7c binaries/xsh_help.o
                                         0xc6 (size before relaxing)
 .rodata.str1.1
                0x0000000000114d90       0x9c binaries/xsh_ipaddr.o
                                         0xf8 (size before relaxing)
 .rodata.str1.4
                0x0000000000114e2c       0x4d binaries/xsh_ipaddr.o
                                         0x99 (size before relaxing)
 .rodata.str1.1
                0x0000000000114e79       0x78 binaries/xsh_kill.o
                                         0x97 (size before relaxing)
 *fill*         0x0000000000114ef1        0x3 
 .rodata.str1.4
                0x0000000000114ef4       0x4a binaries/xsh_kill.o
                                         0x96 (size before relaxing)
 .rodata.str1.1
                0x0000000000114f3e       0x84 binaries/xsh_memdump.o
                                         0xa8 (size before relaxing)
 *fill*         0x0000000000114fc2        0x2 
 .rodata.str1.4
                0x0000000000114fc4      0x15a binaries/xsh_memdump.o
                                        0x1aa (size before relaxing)
 .rodata.str1.1
                0x000000000011511e       0x40 binaries/xsh_memstat.o
                                         0x79 (size before relaxing)
 *fill*         0x000000000011515e        0x2 
 .rodata.str1.4
                0x0000000000115160      0x187 binaries/xsh_memstat.o
                                        0x1af (size before relaxing)
 .rodata.str1.1
                0x00000000001152e7       0x90 binaries/xsh_ping.o
                                         0xaf (size before relaxing)
 *fill*         0x0000000000115377        0x1 
 .rodata.str1.4
                0x0000000000115378       0x77 binaries/xsh_ping.o
                                         0xc6 (size before relaxing)
 .rodata.str1.1
                0x00000000001153ef       0x74 binaries/xsh_ps.o
                                         0xd5 (size before relaxing)
 *fill*         0x0000000000115463        0x1 
 .rodata.str1.4
                0x0000000000115464       0x80 binaries/xsh_ps.o
                                         0xd0 (size before relaxing)
 .rodata.str1.1
                0x00000000001154e4       0x31 binaries/xsh_sleep.o
                                         0x72 (size before relaxing)
 *fill*         0x0000000000115515        0x3 
 .rodata.str1.4
                0x0000000000115518       0x2a binaries/xsh_sleep.o
                                         0x7a (size before relaxing)
 .rodata.str1.1
                0x0000000000115542       0x6b binaries/xsh_udpdump.o
                                         0xd2 (size before relaxing)
 *fill*         0x00000000001155ad        0x3 
 .rodata.str1.4
                0x00000000001155b0       0x94 binaries/xsh_udpdump.o
                                         0xe4 (size before relaxing)
 .rodata.str1.1
                0x0000000000115644       0xdb binaries/xsh_udpecho.o
                                         0xfa (size before relaxing)
 *fill*         0x000000000011571f        0x1 
 .rodata.str1.4
                0x0000000000115720       0xc7 binaries/xsh_udpecho.o
                                        0x116 (size before relaxing)
 .rodata.str1.1
                0x00000000001157e7       0x66 binaries/xsh_udpeserver.o
                                         0x8f (size before relaxing)
 *fill*         0x000000000011584d        0x3 
 .rodata.str1.4
                0x0000000000115850       0x29 binaries/xsh_udpeserver.o
                                         0x9f (size before relaxing)
 .rodata.str1.1
                0x0000000000115879       0x49 binaries/xsh_uptime.o
                                         0x8c (size before relaxing)
 *fill*         0x00000000001158c2        0x2 
 .rodata.str1.4
                0x00000000001158c4       0x28 binaries/xsh_uptime.o
                                         0x76 (size before relaxing)
                0x00000000001158ec                etext = ABSOLUTE (.)
                0x0000000000116000                . = ALIGN (0x1000)
 *fill*         0x00000000001158ec      0x714 

.eh_frame       0x0000000000116000     0x7100
 .eh_frame      0x0000000000116000       0x98 binaries/ascdate.o
 .eh_frame      0x0000000000116098       0x28 binaries/bufinit.o
                                         0x40 (size before relaxing)
 .eh_frame      0x00000000001160c0       0x14 binaries/cbreg.o
                                         0x2c (size before relaxing)
 .eh_frame      0x00000000001160d4       0x54 binaries/chprio.o
                                         0x80 (size before relaxing)
 .eh_frame      0x0000000000116128       0x24 binaries/clkhandler.o
                                         0x50 (size before relaxing)
 .eh_frame      0x000000000011614c       0x44 binaries/clkinit.o
                                         0x70 (size before relaxing)
 .eh_frame      0x0000000000116190       0x44 binaries/close.o
                                         0x70 (size before relaxing)
 .eh_frame      0x00000000001161d4       0x48 binaries/control.o
                                         0x74 (size before relaxing)
 .eh_frame      0x000000000011621c       0x5c binaries/create.o
                                         0x88 (size before relaxing)
 .eh_frame      0x0000000000116278      0x164 binaries/early_imr.o
                                        0x190 (size before relaxing)
 .eh_frame      0x00000000001163dc      0x1f8 binaries/evec.o
                                        0x224 (size before relaxing)
 .eh_frame      0x00000000001165d4       0x58 binaries/freebuf.o
                                         0x84 (size before relaxing)
 .eh_frame      0x000000000011662c       0x5c binaries/freemem.o
                                         0x88 (size before relaxing)
 .eh_frame      0x0000000000116688       0x50 binaries/getbuf.o
                                         0x7c (size before relaxing)
 .eh_frame      0x00000000001166d8       0x44 binaries/getc.o
                                         0x70 (size before relaxing)
 .eh_frame      0x000000000011671c       0x60 binaries/getdev.o
                                         0x8c (size before relaxing)
 .eh_frame      0x000000000011677c       0x68 binaries/getitem.o
                                         0x94 (size before relaxing)
 .eh_frame      0x00000000001167e4       0x54 binaries/getmem.o
                                         0x80 (size before relaxing)
 .eh_frame      0x0000000000116838       0x14 binaries/getpid.o
                                         0x40 (size before relaxing)
 .eh_frame      0x000000000011684c       0x40 binaries/getprio.o
                                         0x6c (size before relaxing)
 .eh_frame      0x000000000011688c       0x5c binaries/getstk.o
                                         0x88 (size before relaxing)
 .eh_frame      0x00000000001168e8       0x2c binaries/gettime.o
                                         0x58 (size before relaxing)
 .eh_frame      0x0000000000116914       0x98 binaries/getutime.o
                                         0xc4 (size before relaxing)
 .eh_frame      0x00000000001169ac       0x44 binaries/init.o
                                         0x70 (size before relaxing)
 .eh_frame      0x00000000001169f0       0xe0 binaries/initialize.o
                                        0x10c (size before relaxing)
 .eh_frame      0x0000000000116ad0       0x44 binaries/insert.o
                                         0x5c (size before relaxing)
 .eh_frame      0x0000000000116b14       0x40 binaries/insertd.o
                                         0x6c (size before relaxing)
 .eh_frame      0x0000000000116b54       0x14 binaries/ioerr.o
                                         0x2c (size before relaxing)
 .eh_frame      0x0000000000116b68       0x14 binaries/ionull.o
                                         0x2c (size before relaxing)
 .eh_frame      0x0000000000116b7c       0x80 binaries/kill.o
                                         0xac (size before relaxing)
 .eh_frame      0x0000000000116bfc       0x90 binaries/kprintf.o
                                         0xd0 (size before relaxing)
 .eh_frame      0x0000000000116c8c      0x168 binaries/main.o
                                        0x194 (size before relaxing)
 .eh_frame      0x0000000000116df4       0x64 binaries/mark.o
                                         0x90 (size before relaxing)
 .eh_frame      0x0000000000116e58       0x80 binaries/meminit.o
                                         0xac (size before relaxing)
 .eh_frame      0x0000000000116ed8       0x78 binaries/mkbufpool.o
                                         0xa4 (size before relaxing)
 .eh_frame      0x0000000000116f50       0x30 binaries/newqueue.o
                                         0x48 (size before relaxing)
 .eh_frame      0x0000000000116f80       0x48 binaries/open.o
                                         0x74 (size before relaxing)
 .eh_frame      0x0000000000116fc8       0x28 binaries/panic.o
                                         0x54 (size before relaxing)
 .eh_frame      0x0000000000116ff0       0xf4 binaries/pci.o
                                        0x10c (size before relaxing)
 .eh_frame      0x00000000001170e4       0x40 binaries/platinit.o
                                         0x6c (size before relaxing)
 .eh_frame      0x0000000000117124       0x6c binaries/ptclear.o
                                         0x98 (size before relaxing)
 .eh_frame      0x0000000000117190       0x64 binaries/ptcount.o
                                         0x90 (size before relaxing)
 .eh_frame      0x00000000001171f4       0x60 binaries/ptcreate.o
                                         0x8c (size before relaxing)
 .eh_frame      0x0000000000117254       0x48 binaries/ptdelete.o
                                         0x74 (size before relaxing)
 .eh_frame      0x000000000011729c       0x44 binaries/ptinit.o
                                         0x70 (size before relaxing)
 .eh_frame      0x00000000001172e0       0x64 binaries/ptrecv.o
                                         0x90 (size before relaxing)
 .eh_frame      0x0000000000117344       0x48 binaries/ptreset.o
                                         0x74 (size before relaxing)
 .eh_frame      0x000000000011738c       0x70 binaries/ptsend.o
                                         0x9c (size before relaxing)
 .eh_frame      0x00000000001173fc       0x54 binaries/putc.o
                                         0x80 (size before relaxing)
 .eh_frame      0x0000000000117450       0x6c binaries/quark_irq.o
                                         0x98 (size before relaxing)
 .eh_frame      0x00000000001174bc       0xe8 binaries/quark_pdat.o
                                        0x114 (size before relaxing)
 .eh_frame      0x00000000001175a4       0x4c binaries/queue.o
                                         0x78 (size before relaxing)
 .eh_frame      0x00000000001175f0       0x48 binaries/read.o
                                         0x74 (size before relaxing)
 .eh_frame      0x0000000000117638       0x34 binaries/ready.o
                                         0x60 (size before relaxing)
 .eh_frame      0x000000000011766c       0x60 binaries/receive.o
                                         0x8c (size before relaxing)
 .eh_frame      0x00000000001176cc       0x38 binaries/recvclr.o
                                         0x64 (size before relaxing)
 .eh_frame      0x0000000000117704       0x60 binaries/recvtime.o
                                         0x8c (size before relaxing)
 .eh_frame      0x0000000000117764       0x78 binaries/resched.o
                                         0xb8 (size before relaxing)
 .eh_frame      0x00000000001177dc       0x5c binaries/resume.o
                                         0x88 (size before relaxing)
 .eh_frame      0x0000000000117838       0x44 binaries/seek.o
                                         0x70 (size before relaxing)
 .eh_frame      0x000000000011787c       0x40 binaries/semcount.o
                                         0x6c (size before relaxing)
 .eh_frame      0x00000000001178bc       0x54 binaries/semcreate.o
                                         0x80 (size before relaxing)
 .eh_frame      0x0000000000117910       0x6c binaries/semdelete.o
                                         0x98 (size before relaxing)
 .eh_frame      0x000000000011797c       0x6c binaries/semreset.o
                                         0x98 (size before relaxing)
 .eh_frame      0x00000000001179e8       0x78 binaries/sendblk.o
                                         0xa4 (size before relaxing)
 .eh_frame      0x0000000000117a60       0x60 binaries/send.o
                                         0x8c (size before relaxing)
 .eh_frame      0x0000000000117ac0       0x54 binaries/signal.o
                                         0x80 (size before relaxing)
 .eh_frame      0x0000000000117b14       0x70 binaries/signaln.o
                                         0x9c (size before relaxing)
 .eh_frame      0x0000000000117b84       0x80 binaries/sleep.o
                                         0xac (size before relaxing)
 .eh_frame      0x0000000000117c04       0x54 binaries/suspend.o
                                         0x80 (size before relaxing)
 .eh_frame      0x0000000000117c58       0x4c binaries/unsleep.o
                                         0x78 (size before relaxing)
 .eh_frame      0x0000000000117ca4       0x28 binaries/userret.o
                                         0x54 (size before relaxing)
 .eh_frame      0x0000000000117ccc       0x58 binaries/wait.o
                                         0x84 (size before relaxing)
 .eh_frame      0x0000000000117d24       0x48 binaries/wakeup.o
                                         0x74 (size before relaxing)
 .eh_frame      0x0000000000117d6c       0x48 binaries/write.o
                                         0x74 (size before relaxing)
 .eh_frame      0x0000000000117db4       0x24 binaries/xdone.o
                                         0x50 (size before relaxing)
 .eh_frame      0x0000000000117dd8       0x30 binaries/yield.o
                                         0x5c (size before relaxing)
 .eh_frame      0x0000000000117e08       0x14 binaries/abs.o
                                         0x2c (size before relaxing)
 .eh_frame      0x0000000000117e1c       0x28 binaries/atoi.o
                                         0x40 (size before relaxing)
 .eh_frame      0x0000000000117e44       0x28 binaries/atol.o
                                         0x40 (size before relaxing)
 .eh_frame      0x0000000000117e6c       0x14 binaries/bzero.o
                                         0x2c (size before relaxing)
 .eh_frame      0x0000000000117e80      0x174 binaries/doprnt.o
                                        0x1a0 (size before relaxing)
 .eh_frame      0x0000000000117ff4      0x108 binaries/doscan.o
                                        0x134 (size before relaxing)
 .eh_frame      0x00000000001180fc      0x114 binaries/fdoprnt.o
                                        0x140 (size before relaxing)
 .eh_frame      0x0000000000118210       0x2c binaries/fgetc.o
                                         0x58 (size before relaxing)
 .eh_frame      0x000000000011823c       0x48 binaries/fgets.o
                                         0x74 (size before relaxing)
 .eh_frame      0x0000000000118284       0x2c binaries/fprintf.o
                                         0x58 (size before relaxing)
 .eh_frame      0x00000000001182b0       0x2c binaries/fputc.o
                                         0x58 (size before relaxing)
 .eh_frame      0x00000000001182dc       0x3c binaries/fputs.o
                                         0x68 (size before relaxing)
 .eh_frame      0x0000000000118318       0x7c binaries/fscanf.o
                                         0xa8 (size before relaxing)
 .eh_frame      0x0000000000118394       0x24 binaries/getchar.o
                                         0x50 (size before relaxing)
 .eh_frame      0x00000000001183b8       0x14 binaries/labs.o
                                         0x2c (size before relaxing)
 .eh_frame      0x00000000001183cc       0x14 binaries/memchr.o
                                         0x2c (size before relaxing)
 .eh_frame      0x00000000001183e0       0x28 binaries/memcmp.o
                                         0x40 (size before relaxing)
 .eh_frame      0x0000000000118408       0x24 binaries/memcpy.o
                                         0x3c (size before relaxing)
 .eh_frame      0x000000000011842c       0x1c binaries/memset.o
                                         0x34 (size before relaxing)
 .eh_frame      0x0000000000118448       0x2c binaries/printf.o
                                         0x58 (size before relaxing)
 .eh_frame      0x0000000000118474       0x28 binaries/putchar.o
                                         0x54 (size before relaxing)
 .eh_frame      0x000000000011849c       0xdc binaries/qsort.o
                                        0x11c (size before relaxing)
 .eh_frame      0x0000000000118578       0x28 binaries/rand.o
                                         0x68 (size before relaxing)
 .eh_frame      0x00000000001185a0       0x54 binaries/sprintf.o
                                         0x80 (size before relaxing)
 .eh_frame      0x00000000001185f4       0x5c binaries/sscanf.o
                                         0x88 (size before relaxing)
 .eh_frame      0x0000000000118650       0x20 binaries/strchr.o
                                         0x38 (size before relaxing)
 .eh_frame      0x0000000000118670       0x20 binaries/strcmp.o
                                         0x38 (size before relaxing)
 .eh_frame      0x0000000000118690       0x14 binaries/strcpy.o
                                         0x2c (size before relaxing)
 .eh_frame      0x00000000001186a4       0x14 binaries/strlen.o
                                         0x2c (size before relaxing)
 .eh_frame      0x00000000001186b8       0x2c binaries/strncat.o
                                         0x44 (size before relaxing)
 .eh_frame      0x00000000001186e4       0x1c binaries/strncmp.o
                                         0x34 (size before relaxing)
 .eh_frame      0x0000000000118700       0x30 binaries/strncpy.o
                                         0x48 (size before relaxing)
 .eh_frame      0x0000000000118730       0x14 binaries/strnlen.o
                                         0x2c (size before relaxing)
 .eh_frame      0x0000000000118744       0x20 binaries/strrchr.o
                                         0x38 (size before relaxing)
 .eh_frame      0x0000000000118764       0x3c binaries/strstr.o
                                         0x54 (size before relaxing)
 .eh_frame      0x00000000001187a0       0x58 binaries/ttycontrol.o
                                         0x84 (size before relaxing)
 .eh_frame      0x00000000001187f8       0x44 binaries/ttygetc.o
                                         0x70 (size before relaxing)
 .eh_frame      0x000000000011883c       0xe0 binaries/ttyhandle_in.o
                                        0x10c (size before relaxing)
 .eh_frame      0x000000000011891c       0x68 binaries/ttyhandle_out.o
                                         0x94 (size before relaxing)
 .eh_frame      0x0000000000118984       0x5c binaries/ttyhandler.o
                                         0x88 (size before relaxing)
 .eh_frame      0x00000000001189e0       0x4c binaries/ttyinit.o
                                         0x78 (size before relaxing)
 .eh_frame      0x0000000000118a2c       0x14 binaries/ttykickout.o
                                         0x2c (size before relaxing)
 .eh_frame      0x0000000000118a40       0x64 binaries/ttyputc.o
                                         0x90 (size before relaxing)
 .eh_frame      0x0000000000118aa4       0x64 binaries/ttyread.o
                                         0x90 (size before relaxing)
 .eh_frame      0x0000000000118b08       0x4c binaries/ttywrite.o
                                         0x78 (size before relaxing)
 .eh_frame      0x0000000000118b54       0x7c binaries/mount.o
                                         0xa8 (size before relaxing)
 .eh_frame      0x0000000000118bd0       0xe4 binaries/naminit.o
                                        0x110 (size before relaxing)
 .eh_frame      0x0000000000118cb4       0xf0 binaries/nammap.o
                                        0x130 (size before relaxing)
 .eh_frame      0x0000000000118da4       0x48 binaries/namopen.o
                                         0x74 (size before relaxing)
 .eh_frame      0x0000000000118dec       0x3c binaries/colon2mac.o
                                         0x68 (size before relaxing)
 .eh_frame      0x0000000000118e28       0x4c binaries/ethcontrol.o
                                         0x78 (size before relaxing)
 .eh_frame      0x0000000000118e74       0x58 binaries/ethhandler.o
                                         0x84 (size before relaxing)
 .eh_frame      0x0000000000118ecc      0x154 binaries/ethinit.o
                                        0x180 (size before relaxing)
 .eh_frame      0x0000000000119020       0xa8 binaries/ethmcast.o
                                         0xd4 (size before relaxing)
 .eh_frame      0x00000000001190c8       0x80 binaries/ethread.o
                                         0xac (size before relaxing)
 .eh_frame      0x0000000000119148       0x48 binaries/ethwrite.o
                                         0x74 (size before relaxing)
 .eh_frame      0x0000000000119190       0x3c binaries/rdsbufalloc.o
                                         0x68 (size before relaxing)
 .eh_frame      0x00000000001191cc       0x3c binaries/rdsclose.o
                                         0x68 (size before relaxing)
 .eh_frame      0x0000000000119208       0x90 binaries/rdscomm.o
                                         0xbc (size before relaxing)
 .eh_frame      0x0000000000119298       0xb4 binaries/rdscontrol.o
                                         0xe0 (size before relaxing)
 .eh_frame      0x000000000011934c       0x9c binaries/rdsinit.o
                                         0xc8 (size before relaxing)
 .eh_frame      0x00000000001193e8       0x80 binaries/rdsopen.o
                                         0xac (size before relaxing)
 .eh_frame      0x0000000000119468       0xf8 binaries/rdsprocess.o
                                        0x124 (size before relaxing)
 .eh_frame      0x0000000000119560       0x7c binaries/rdsread.o
                                         0xa8 (size before relaxing)
 .eh_frame      0x00000000001195dc       0x80 binaries/rdswrite.o
                                         0xac (size before relaxing)
 .eh_frame      0x000000000011965c       0x14 binaries/ramclose.o
                                         0x2c (size before relaxing)
 .eh_frame      0x0000000000119670       0x40 binaries/raminit.o
                                         0x6c (size before relaxing)
 .eh_frame      0x00000000001196b0       0x14 binaries/ramopen.o
                                         0x2c (size before relaxing)
 .eh_frame      0x00000000001196c4       0x2c binaries/ramread.o
                                         0x58 (size before relaxing)
 .eh_frame      0x00000000001196f0       0x2c binaries/ramwrite.o
                                         0x58 (size before relaxing)
 .eh_frame      0x000000000011971c       0x80 binaries/lfdballoc.o
                                         0xac (size before relaxing)
 .eh_frame      0x000000000011979c       0x50 binaries/lfdbfree.o
                                         0x7c (size before relaxing)
 .eh_frame      0x00000000001197ec       0x5c binaries/lfflush.o
                                         0x88 (size before relaxing)
 .eh_frame      0x0000000000119848       0x14 binaries/lfgetmode.o
                                         0x2c (size before relaxing)
 .eh_frame      0x000000000011985c       0x5c binaries/lfiballoc.o
                                         0x88 (size before relaxing)
 .eh_frame      0x00000000001198b8       0x14 binaries/lfibclear.o
                                         0x2c (size before relaxing)
 .eh_frame      0x00000000001198cc       0x4c binaries/lfibget.o
                                         0x78 (size before relaxing)
 .eh_frame      0x0000000000119918       0x68 binaries/lfibput.o
                                         0x94 (size before relaxing)
 .eh_frame      0x0000000000119980       0x54 binaries/lflclose.o
                                         0x80 (size before relaxing)
 .eh_frame      0x00000000001199d4       0x74 binaries/lflcontrol.o
                                         0xa0 (size before relaxing)
 .eh_frame      0x0000000000119a48       0x6c binaries/lflgetc.o
                                         0x98 (size before relaxing)
 .eh_frame      0x0000000000119ab4       0x5c binaries/lflinit.o
                                         0x88 (size before relaxing)
 .eh_frame      0x0000000000119b10       0x6c binaries/lflputc.o
                                         0x98 (size before relaxing)
 .eh_frame      0x0000000000119b7c       0x48 binaries/lflread.o
                                         0x74 (size before relaxing)
 .eh_frame      0x0000000000119bc4       0x60 binaries/lflseek.o
                                         0x8c (size before relaxing)
 .eh_frame      0x0000000000119c24       0x48 binaries/lflwrite.o
                                         0x74 (size before relaxing)
 .eh_frame      0x0000000000119c6c       0xd4 binaries/lfsckfmt.o
                                        0x100 (size before relaxing)
 .eh_frame      0x0000000000119d40       0xd4 binaries/lfscreate.o
                                        0x100 (size before relaxing)
 .eh_frame      0x0000000000119e14       0xbc binaries/lfsetup.o
                                         0xe8 (size before relaxing)
 .eh_frame      0x0000000000119ed0       0x38 binaries/lfsinit.o
                                         0x64 (size before relaxing)
 .eh_frame      0x0000000000119f08       0x90 binaries/lfsopen.o
                                         0xbc (size before relaxing)
 .eh_frame      0x0000000000119f98       0x84 binaries/lftruncate.o
                                         0xb0 (size before relaxing)
 .eh_frame      0x000000000011a01c       0x3c binaries/rflclose.o
                                         0x68 (size before relaxing)
 .eh_frame      0x000000000011a058       0x30 binaries/rflgetc.o
                                         0x5c (size before relaxing)
 .eh_frame      0x000000000011a088       0x30 binaries/rflinit.o
                                         0x5c (size before relaxing)
 .eh_frame      0x000000000011a0b8       0x30 binaries/rflputc.o
                                         0x5c (size before relaxing)
 .eh_frame      0x000000000011a0e8       0xdc binaries/rflread.o
                                        0x108 (size before relaxing)
 .eh_frame      0x000000000011a1c4       0x3c binaries/rflseek.o
                                         0x68 (size before relaxing)
 .eh_frame      0x000000000011a200       0xd0 binaries/rflwrite.o
                                         0xfc (size before relaxing)
 .eh_frame      0x000000000011a2d0       0x88 binaries/rfscomm.o
                                         0xb4 (size before relaxing)
 .eh_frame      0x000000000011a358      0x11c binaries/rfscontrol.o
                                        0x148 (size before relaxing)
 .eh_frame      0x000000000011a474       0x14 binaries/rfsgetmode.o
                                         0x2c (size before relaxing)
 .eh_frame      0x000000000011a488       0x50 binaries/rfsinit.o
                                         0x7c (size before relaxing)
 .eh_frame      0x000000000011a4d8       0x50 binaries/rfsndmsg.o
                                         0x7c (size before relaxing)
 .eh_frame      0x000000000011a528       0xdc binaries/rfsopen.o
                                        0x108 (size before relaxing)
 .eh_frame      0x000000000011a604      0x27c binaries/arp.o
                                        0x2bc (size before relaxing)
 .eh_frame      0x000000000011a880      0x284 binaries/dhcp.o
                                        0x2b0 (size before relaxing)
 .eh_frame      0x000000000011ab04       0x40 binaries/dot2ip.o
                                         0x58 (size before relaxing)
 .eh_frame      0x000000000011ab44      0x1bc binaries/hexdump.o
                                        0x1e8 (size before relaxing)
 .eh_frame      0x000000000011ad00      0x310 binaries/icmp.o
                                        0x350 (size before relaxing)
 .eh_frame      0x000000000011b010      0x2e8 binaries/ip.o
                                        0x314 (size before relaxing)
 .eh_frame      0x000000000011b2f8      0x138 binaries/net.o
                                        0x164 (size before relaxing)
 .eh_frame      0x000000000011b430       0x74 binaries/netstart.o
                                         0xa0 (size before relaxing)
 .eh_frame      0x000000000011b4a4      0x394 binaries/pdump.o
                                        0x3c0 (size before relaxing)
 .eh_frame      0x000000000011b838      0x260 binaries/tftp.o
                                        0x28c (size before relaxing)
 .eh_frame      0x000000000011ba98      0x36c binaries/udp.o
                                        0x3ac (size before relaxing)
 .eh_frame      0x000000000011be04       0x68 binaries/addargs.o
                                         0x94 (size before relaxing)
 .eh_frame      0x000000000011be6c       0x40 binaries/lexan.o
                                         0x58 (size before relaxing)
 .eh_frame      0x000000000011beac      0x24c binaries/shell.o
                                        0x278 (size before relaxing)
 .eh_frame      0x000000000011c0f8       0x5c binaries/xsh_argecho.o
                                         0x88 (size before relaxing)
 .eh_frame      0x000000000011c154       0xe0 binaries/xsh_arp.o
                                        0x10c (size before relaxing)
 .eh_frame      0x000000000011c234       0xac binaries/xsh_cat.o
                                         0xd8 (size before relaxing)
 .eh_frame      0x000000000011c2e0       0x3c binaries/xsh_clear.o
                                         0x68 (size before relaxing)
 .eh_frame      0x000000000011c31c      0x108 binaries/xsh_date.o
                                        0x134 (size before relaxing)
 .eh_frame      0x000000000011c424       0x64 binaries/xsh_devdump.o
                                         0x90 (size before relaxing)
 .eh_frame      0x000000000011c488       0x5c binaries/xsh_echo.o
                                         0x88 (size before relaxing)
 .eh_frame      0x000000000011c4e4       0x14 binaries/xsh_exit.o
                                         0x2c (size before relaxing)
 .eh_frame      0x000000000011c4f8       0xd4 binaries/xsh_help.o
                                        0x100 (size before relaxing)
 .eh_frame      0x000000000011c5cc      0x194 binaries/xsh_ipaddr.o
                                        0x1c0 (size before relaxing)
 .eh_frame      0x000000000011c760       0xac binaries/xsh_kill.o
                                         0xd8 (size before relaxing)
 .eh_frame      0x000000000011c80c      0x130 binaries/xsh_memdump.o
                                        0x15c (size before relaxing)
 .eh_frame      0x000000000011c93c       0xbc binaries/xsh_memstat.o
                                         0xe8 (size before relaxing)
 .eh_frame      0x000000000011c9f8      0x10c binaries/xsh_ping.o
                                        0x138 (size before relaxing)
 .eh_frame      0x000000000011cb04       0xd8 binaries/xsh_ps.o
                                        0x104 (size before relaxing)
 .eh_frame      0x000000000011cbdc       0xac binaries/xsh_sleep.o
                                         0xd8 (size before relaxing)
 .eh_frame      0x000000000011cc88       0xe8 binaries/xsh_udpdump.o
                                        0x114 (size before relaxing)
 .eh_frame      0x000000000011cd70      0x1b0 binaries/xsh_udpecho.o
                                        0x1dc (size before relaxing)
 .eh_frame      0x000000000011cf20      0x128 binaries/xsh_udpeserver.o
                                        0x154 (size before relaxing)
 .eh_frame      0x000000000011d048       0xb8 binaries/xsh_uptime.o
                                         0xe4 (size before relaxing)

.iplt           0x000000000011d100        0x0
 .iplt          0x000000000011d100        0x0 binaries/start.o

.rel.dyn        0x000000000011d100        0x0
 .rel.got       0x000000000011d100        0x0 binaries/start.o
 .rel.iplt      0x000000000011d100        0x0 binaries/start.o
 .rel.text      0x000000000011d100        0x0 binaries/start.o

.data           0x000000000011d100      0xf00
                0x000000000011d100                data = ABSOLUTE (.)
 *(.data .data.*)
 .data          0x000000000011d100      0x85a binaries/start.o
                0x000000000011d100                gdt
                0x000000000011d150                idt
                0x000000000011d956                cpudelay
 .data          0x000000000011d95a        0x0 binaries/ascdate.o
 *fill*         0x000000000011d95a        0x6 
 .data.rel.local
                0x000000000011d960       0x88 binaries/ascdate.o
                0x000000000011d960                Date
 .data          0x000000000011d9e8        0x0 binaries/bufinit.o
 .data          0x000000000011d9e8        0x0 binaries/cbreg.o
 .data          0x000000000011d9e8        0x0 binaries/chprio.o
 .data          0x000000000011d9e8        0x4 binaries/clkhandler.o
 .data          0x000000000011d9ec        0x0 binaries/clkinit.o
 .data          0x000000000011d9ec        0x0 binaries/close.o
 .data          0x000000000011d9ec        0x0 binaries/conf.o
 *fill*         0x000000000011d9ec       0x14 
 .data.rel      0x000000000011da00      0x30c binaries/conf.o
                0x000000000011da00                devtab
 .data          0x000000000011dd0c        0x0 binaries/control.o
 .data          0x000000000011dd0c        0x4 binaries/create.o
 .data          0x000000000011dd10        0x0 binaries/early_imr.o
 .data          0x000000000011dd10        0x0 binaries/evec.o
 *fill*         0x000000000011dd10       0x10 
 .data.rel.local
                0x000000000011dd20       0x40 binaries/evec.o
                0x000000000011dd20                inames
 .data          0x000000000011dd60        0x0 binaries/freebuf.o
 .data          0x000000000011dd60        0x0 binaries/freemem.o
 .data          0x000000000011dd60        0x0 binaries/getbuf.o
 .data          0x000000000011dd60        0x0 binaries/getc.o
 .data          0x000000000011dd60        0x0 binaries/getdev.o
 .data          0x000000000011dd60        0x0 binaries/getitem.o
 .data          0x000000000011dd60        0x0 binaries/getmem.o
 .data          0x000000000011dd60        0x0 binaries/getpid.o
 .data          0x000000000011dd60        0x0 binaries/getprio.o
 .data          0x000000000011dd60        0x0 binaries/getstk.o
 .data          0x000000000011dd60        0x0 binaries/gettime.o
 .data          0x000000000011dd60        0x0 binaries/getutime.o
 .data          0x000000000011dd60        0x0 binaries/init.o
 .data          0x000000000011dd60        0x0 binaries/initialize.o
 .data          0x000000000011dd60        0x0 binaries/insert.o
 .data          0x000000000011dd60        0x0 binaries/insertd.o
 .data          0x000000000011dd60        0x0 binaries/ioerr.o
 .data          0x000000000011dd60        0x0 binaries/ionull.o
 .data          0x000000000011dd60        0x0 binaries/kill.o
 .data          0x000000000011dd60        0x0 binaries/kprintf.o
 .data          0x000000000011dd60        0x0 binaries/main.o
 .data          0x000000000011dd60        0x0 binaries/mark.o
 .data          0x000000000011dd60       0x48 binaries/meminit.o
                0x000000000011dd60                gdt_copy
                0x000000000011dda0                bootinfo
                0x000000000011dda4                bootsign
 .data          0x000000000011dda8        0x0 binaries/mkbufpool.o
 .data          0x000000000011dda8        0x2 binaries/newqueue.o
 .data          0x000000000011ddaa        0x0 binaries/open.o
 .data          0x000000000011ddaa        0x0 binaries/panic.o
 .data          0x000000000011ddaa        0x0 binaries/pci.o
 .data          0x000000000011ddaa        0x0 binaries/platinit.o
 .data          0x000000000011ddaa        0x0 binaries/ptclear.o
 .data          0x000000000011ddaa        0x0 binaries/ptcount.o
 .data          0x000000000011ddaa        0x0 binaries/ptcreate.o
 .data          0x000000000011ddaa        0x0 binaries/ptdelete.o
 .data          0x000000000011ddaa        0x0 binaries/ptinit.o
 .data          0x000000000011ddaa        0x0 binaries/ptrecv.o
 .data          0x000000000011ddaa        0x0 binaries/ptreset.o
 .data          0x000000000011ddaa        0x0 binaries/ptsend.o
 .data          0x000000000011ddaa        0x0 binaries/putc.o
 .data          0x000000000011ddaa        0x0 binaries/quark_irq.o
 .data          0x000000000011ddaa        0x0 binaries/quark_pdat.o
 .data          0x000000000011ddaa        0x0 binaries/queue.o
 .data          0x000000000011ddaa        0x0 binaries/read.o
 .data          0x000000000011ddaa        0x0 binaries/ready.o
 .data          0x000000000011ddaa        0x0 binaries/receive.o
 .data          0x000000000011ddaa        0x0 binaries/recvclr.o
 .data          0x000000000011ddaa        0x0 binaries/recvtime.o
 .data          0x000000000011ddaa        0x0 binaries/resched.o
 .data          0x000000000011ddaa        0x0 binaries/resume.o
 .data          0x000000000011ddaa        0x0 binaries/seek.o
 .data          0x000000000011ddaa        0x0 binaries/semcount.o
 .data          0x000000000011ddaa        0x0 binaries/semcreate.o
 .data          0x000000000011ddaa        0x0 binaries/semdelete.o
 .data          0x000000000011ddaa        0x0 binaries/semreset.o
 .data          0x000000000011ddaa        0x0 binaries/sendblk.o
 .data          0x000000000011ddaa        0x0 binaries/send.o
 .data          0x000000000011ddaa        0x0 binaries/signal.o
 .data          0x000000000011ddaa        0x0 binaries/signaln.o
 .data          0x000000000011ddaa        0x0 binaries/sleep.o
 .data          0x000000000011ddaa        0x0 binaries/suspend.o
 .data          0x000000000011ddaa        0x0 binaries/unsleep.o
 .data          0x000000000011ddaa        0x0 binaries/userret.o
 .data          0x000000000011ddaa        0x0 binaries/wait.o
 .data          0x000000000011ddaa        0x0 binaries/wakeup.o
 .data          0x000000000011ddaa        0x0 binaries/write.o
 .data          0x000000000011ddaa        0x0 binaries/xdone.o
 .data          0x000000000011ddaa        0x0 binaries/yield.o
 .data          0x000000000011ddaa        0x0 binaries/abs.o
 .data          0x000000000011ddaa        0x0 binaries/atoi.o
 .data          0x000000000011ddaa        0x0 binaries/atol.o
 .data          0x000000000011ddaa        0x0 binaries/bzero.o
 .data          0x000000000011ddaa        0x0 binaries/ctype_.o
 .data          0x000000000011ddaa        0x0 binaries/doprnt.o
 *fill*         0x000000000011ddaa       0x16 
 .data          0x000000000011ddc0       0x80 binaries/doscan.o
                0x000000000011ddc0                _sctab
 .data          0x000000000011de40        0x0 binaries/fdoprnt.o
 .data          0x000000000011de40        0x0 binaries/fgetc.o
 .data          0x000000000011de40        0x0 binaries/fgets.o
 .data          0x000000000011de40        0x0 binaries/fprintf.o
 .data          0x000000000011de40        0x0 binaries/fputc.o
 .data          0x000000000011de40        0x0 binaries/fputs.o
 .data          0x000000000011de40        0x0 binaries/fscanf.o
 .data          0x000000000011de40        0x0 binaries/getchar.o
 .data          0x000000000011de40        0x0 binaries/labs.o
 .data          0x000000000011de40        0x0 binaries/memchr.o
 .data          0x000000000011de40        0x0 binaries/memcmp.o
 .data          0x000000000011de40        0x0 binaries/memcpy.o
 .data          0x000000000011de40        0x0 binaries/memset.o
 .data          0x000000000011de40        0x0 binaries/printf.o
 .data          0x000000000011de40        0x0 binaries/putchar.o
 .data          0x000000000011de40        0x0 binaries/qsort.o
 .data          0x000000000011de40        0x4 binaries/rand.o
 .data          0x000000000011de44        0x0 binaries/sprintf.o
 .data          0x000000000011de44        0x0 binaries/sscanf.o
 .data          0x000000000011de44        0x0 binaries/strchr.o
 .data          0x000000000011de44        0x0 binaries/strcmp.o
 .data          0x000000000011de44        0x0 binaries/strcpy.o
 .data          0x000000000011de44        0x0 binaries/strlen.o
 .data          0x000000000011de44        0x0 binaries/strncat.o
 .data          0x000000000011de44        0x0 binaries/strncmp.o
 .data          0x000000000011de44        0x0 binaries/strncpy.o
 .data          0x000000000011de44        0x0 binaries/strnlen.o
 .data          0x000000000011de44        0x0 binaries/strrchr.o
 .data          0x000000000011de44        0x0 binaries/strstr.o
 .data          0x000000000011de44        0x0 binaries/ttycontrol.o
 .data          0x000000000011de44        0x0 binaries/ttygetc.o
 .data          0x000000000011de44        0x0 binaries/ttyhandle_in.o
 .data          0x000000000011de44        0x0 binaries/ttyhandle_out.o
 .data          0x000000000011de44        0x0 binaries/ttyhandler.o
 .data          0x000000000011de44        0x0 binaries/ttyinit.o
 .data          0x000000000011de44        0x0 binaries/ttykickout.o
 .data          0x000000000011de44        0x0 binaries/ttyputc.o
 .data          0x000000000011de44        0x0 binaries/ttyread.o
 .data          0x000000000011de44        0x0 binaries/ttywrite.o
 .data          0x000000000011de44        0x0 binaries/mount.o
 .data          0x000000000011de44        0x0 binaries/naminit.o
 .data          0x000000000011de44        0x0 binaries/nammap.o
 .data          0x000000000011de44        0x0 binaries/namopen.o
 .data          0x000000000011de44        0x0 binaries/colon2mac.o
 .data          0x000000000011de44        0x0 binaries/ethcontrol.o
 .data          0x000000000011de44        0x0 binaries/ethhandler.o
 .data          0x000000000011de44        0x0 binaries/ethinit.o
 .data          0x000000000011de44        0x0 binaries/ethmcast.o
 .data          0x000000000011de44        0x0 binaries/ethread.o
 .data          0x000000000011de44        0x0 binaries/ethwrite.o
 .data          0x000000000011de44        0x0 binaries/rdsbufalloc.o
 .data          0x000000000011de44        0x0 binaries/rdsclose.o
 .data          0x000000000011de44        0x0 binaries/rdscomm.o
 .data          0x000000000011de44        0x0 binaries/rdscontrol.o
 .data          0x000000000011de44        0x0 binaries/rdsinit.o
 .data          0x000000000011de44        0x0 binaries/rdsopen.o
 .data          0x000000000011de44        0x0 binaries/rdsprocess.o
 .data          0x000000000011de44        0x0 binaries/rdsread.o
 .data          0x000000000011de44        0x0 binaries/rdswrite.o
 .data          0x000000000011de44        0x0 binaries/ramclose.o
 .data          0x000000000011de44        0x0 binaries/raminit.o
 .data          0x000000000011de44        0x0 binaries/ramopen.o
 .data          0x000000000011de44        0x0 binaries/ramread.o
 .data          0x000000000011de44        0x0 binaries/ramwrite.o
 .data          0x000000000011de44        0x0 binaries/lfdballoc.o
 .data          0x000000000011de44        0x0 binaries/lfdbfree.o
 .data          0x000000000011de44        0x0 binaries/lfflush.o
 .data          0x000000000011de44        0x0 binaries/lfgetmode.o
 .data          0x000000000011de44        0x0 binaries/lfiballoc.o
 .data          0x000000000011de44        0x0 binaries/lfibclear.o
 .data          0x000000000011de44        0x0 binaries/lfibget.o
 .data          0x000000000011de44        0x0 binaries/lfibput.o
 .data          0x000000000011de44        0x0 binaries/lflclose.o
 .data          0x000000000011de44        0x0 binaries/lflcontrol.o
 .data          0x000000000011de44        0x0 binaries/lflgetc.o
 .data          0x000000000011de44        0x0 binaries/lflinit.o
 .data          0x000000000011de44        0x0 binaries/lflputc.o
 .data          0x000000000011de44        0x0 binaries/lflread.o
 .data          0x000000000011de44        0x0 binaries/lflseek.o
 .data          0x000000000011de44        0x0 binaries/lflwrite.o
 .data          0x000000000011de44        0x0 binaries/lfsckfmt.o
 .data          0x000000000011de44        0x0 binaries/lfscreate.o
 .data          0x000000000011de44        0x0 binaries/lfsetup.o
 .data          0x000000000011de44        0x0 binaries/lfsinit.o
 .data          0x000000000011de44        0x0 binaries/lfsopen.o
 .data          0x000000000011de44        0x0 binaries/lftruncate.o
 .data          0x000000000011de44        0x0 binaries/rflclose.o
 .data          0x000000000011de44        0x0 binaries/rflgetc.o
 .data          0x000000000011de44        0x0 binaries/rflinit.o
 .data          0x000000000011de44        0x0 binaries/rflputc.o
 .data          0x000000000011de44        0x0 binaries/rflread.o
 .data          0x000000000011de44        0x0 binaries/rflseek.o
 .data          0x000000000011de44        0x0 binaries/rflwrite.o
 .data          0x000000000011de44        0x0 binaries/rfscomm.o
 .data          0x000000000011de44        0x0 binaries/rfscontrol.o
 .data          0x000000000011de44        0x0 binaries/rfsgetmode.o
 .data          0x000000000011de44        0x0 binaries/rfsinit.o
 .data          0x000000000011de44        0x0 binaries/rfsndmsg.o
 .data          0x000000000011de44        0x0 binaries/rfsopen.o
 .data          0x000000000011de44        0x0 binaries/arp.o
 .data          0x000000000011de44        0x0 binaries/dhcp.o
 .data          0x000000000011de44        0x0 binaries/dot2ip.o
 .data          0x000000000011de44        0x0 binaries/hexdump.o
 .data          0x000000000011de44        0x4 binaries/icmp.o
 .data          0x000000000011de48        0x0 binaries/ip.o
 .data          0x000000000011de48        0x0 binaries/net.o
 .data          0x000000000011de48        0x0 binaries/netstart.o
 .data          0x000000000011de48        0x0 binaries/pdump.o
 .data          0x000000000011de48        0x0 binaries/tftp.o
 .data          0x000000000011de48        0x4 binaries/udp.o
 .data          0x000000000011de4c        0x0 binaries/addargs.o
 .data          0x000000000011de4c        0x0 binaries/lexan.o
 .data          0x000000000011de4c        0x4 binaries/shell.o
                0x000000000011de4c                ncmd
 *fill*         0x000000000011de50       0x10 
 .data.rel.ro   0x000000000011de60       0xfc binaries/shell.o